npm warn Unknown project config "package-manager-strict-version". This will stop working in the next major version of npm. See `npm help npmrc` for supported config options.
